******************************************************************************
                  TI ARM Linker Unix v20.2.6                   
******************************************************************************
>> Linked Tue May  3 14:12:40 2022

OUTPUT FILE NAME:   <Lab_8.out>
ENTRY POINT SYMBOL: "_c_int00_noargs"  address: 000044c9


MEMORY CONFIGURATION

         name            origin    length      used     unused   attr    fill
----------------------  --------  ---------  --------  --------  ----  --------
  FLASH                 00000000   00040000  00004869  0003b797  R  X
  SRAM                  20000000   00008000  00000af5  0000750b  RW X


SEGMENT ALLOCATION MAP

run origin  load origin   length   init length attrs members
----------  ----------- ---------- ----------- ----- -------
00000000    00000000    00004870   00004870    r-x
  00000000    00000000    0000026c   0000026c    r-- .intvecs
  0000026c    0000026c    00004404   00004404    r-x .text
  00004670    00004670    00000101   00000101    r-- .const
  00004778    00004778    000000f8   000000f8    r-- .cinit
20000000    20000000    00000af5   00000000    rw-
  20000000    20000000    00000800   00000000    rw- .stack
  20000800    20000800    000001f0   00000000    rw- .data
  200009f0    200009f0    00000105   00000000    rw- .bss


SECTION ALLOCATION MAP

 output                                  attributes/
section   page    origin      length       input sections
--------  ----  ----------  ----------   ----------------
.intvecs   0    00000000    0000026c     
                  00000000    0000026c     tm4c123gh6pm_startup_ccs.obj (.intvecs)

.text      0    0000026c    00004404     
                  0000026c    00002190     Lab8_Angel_Montelongo.obj (.text)
                  000023fc    00000a4e     rtsv7M4_T_le_v4SPD16_eabi.lib : _printfi.c.obj (.text:__TI_printfi)
                  00002e4a    00000002                                   : div0.asm.obj (.text)
                  00002e4c    00000270                                   : _printfi.c.obj (.text:_pconv_a)
                  000030bc    000001d0                                   : _printfi.c.obj (.text:_pconv_g)
                  0000328c    000001b6                                   : fd_add_t2.asm.obj (.text)
                  00003442    00000002     --HOLE-- [fill = 0]
                  00003444    00000158     uart0.obj (.text)
                  0000359c    00000154     rgb_led.obj (.text)
                  000036f0    0000013c     rtsv7M4_T_le_v4SPD16_eabi.lib : _printfi.c.obj (.text:_pconv_e)
                  0000382c    00000136                                   : fd_div_t2.asm.obj (.text)
                  00003962    00000002     --HOLE-- [fill = 0]
                  00003964    00000124                                   : _printfi.c.obj (.text:fcvt)
                  00003a88    00000110                                   : s_scalbn.c.obj (.text:scalbn)
                  00003b98    00000104     adc0.obj (.text)
                  00003c9c    000000fc     rtsv7M4_T_le_v4SPD16_eabi.lib : fd_mul_t2.asm.obj (.text)
                  00003d98    000000b1                                   : _printfi.c.obj (.text:_ltostr)
                  00003e49    00000001     --HOLE-- [fill = 0]
                  00003e4a    0000009c                                   : memcpy_t2.asm.obj (.text)
                  00003ee6    00000096                                   : ull_div_t2.asm.obj (.text)
                  00003f7c    00000086                                   : fd_cmp_t2.asm.obj (.text:__aeabi_cdcmple)
                  00004002    00000086                                   : fd_cmp_t2.asm.obj (.text:__aeabi_cdrcmple)
                  00004088    0000007a                                   : memset_t2.asm.obj (.text)
                  00004102    0000006e                                   : _printfi.c.obj (.text:_mcpy)
                  00004170    00000068                                   : copy_decompress_lzss.c.obj (.text:decompress:lzss:__TI_decompress_lzss)
                  000041d8    00000064                                   : s_frexp.c.obj (.text:frexp)
                  0000423c    00000056                                   : _printfi.c.obj (.text:_pconv_f)
                  00004292    00000054                                   : _ltoa.c.obj (.text:__TI_ltoa)
                  000042e6    00000052                                   : _printfi.c.obj (.text:_ecpy)
                  00004338    0000004c                                   : atoi.c.obj (.text:atoi)
                  00004384    00000048                                   : fd_toi_t2.asm.obj (.text)
                  000043cc    00000044                                   : autoinit.c.obj (.text:__TI_auto_init_nobinit_nopinit:__TI_auto_init_nobinit_nopinit)
                  00004410    00000040                                   : sprintf.c.obj (.text:sprintf)
                  00004450    0000003e                                   : _printfi.c.obj (.text:_fcpy)
                  0000448e    00000038                                   : fs_tod_t2.asm.obj (.text)
                  000044c6    00000002     --HOLE-- [fill = 0]
                  000044c8    00000034                                   : boot_cortex_m.c.obj (.text:_c_int00_noargs:_c_int00_noargs)
                  000044fc    0000002e                                   : i_tofd_t2.asm.obj (.text)
                  0000452a    00000024     wait.obj (.text)
                  0000454e    00000020     rtsv7M4_T_le_v4SPD16_eabi.lib : u_tofd_t2.asm.obj (.text)
                  0000456e    0000001c                                   : copy_zero_init.c.obj (.text:decompress:ZI:__TI_zero_init_nomemset:__TI_zero_init_nomemset)
                  0000458a    0000001c                                   : memccpy.c.obj (.text:memccpy)
                  000045a6    0000001a                                   : s_copysign.c.obj (.text:copysign)
                  000045c0    00000018                                   : sprintf.c.obj (.text:_outs)
                  000045d8    00000018                                   : strcmp.c.obj (.text:strcmp)
                  000045f0    00000016                                   : strchr.c.obj (.text:strchr)
                  00004606    00000014                                   : strlen.c.obj (.text:strlen)
                  0000461a    00000012                                   : wcslen.c.obj (.text:wcslen)
                  0000462c    00000010     clock.obj (.text)
                  0000463c    0000000e     rtsv7M4_T_le_v4SPD16_eabi.lib : copy_decompress_none.c.obj (.text:decompress:none:__TI_decompress_none)
                  0000464a    0000000c     tm4c123gh6pm_startup_ccs.obj (.text)
                  00004656    0000000a     rtsv7M4_T_le_v4SPD16_eabi.lib : sprintf.c.obj (.text:_outc)
                  00004660    00000008                                   : errno.c.obj (.text:__aeabi_errno_addr)
                  00004668    00000004                                   : pre_init.c.obj (.text:_system_pre_init)
                  0000466c    00000004                                   : exit.c.obj (.text:abort:abort)

.const     0    00004670    00000101     
                  00004670    00000101     rtsv7M4_T_le_v4SPD16_eabi.lib : ctype.c.obj (.const:.string:_ctypes_)

.cinit     0    00004778    000000f8     
                  00004778    000000d2     (.cinit..data.load) [load image, compression = lzss]
                  0000484a    00000002     --HOLE-- [fill = 0]
                  0000484c    0000000c     (__TI_handler_table)
                  00004858    00000008     (.cinit..bss.load) [load image, compression = zero_init]
                  00004860    00000010     (__TI_cinit_table)

.init_array 
*          0    00000000    00000000     UNINITIALIZED

.data      0    20000800    000001f0     UNINITIALIZED
                  20000800    00000140     Lab8_Angel_Montelongo.obj (.data:buttons)
                  20000940    00000064     Lab8_Angel_Montelongo.obj (.data:ref)
                  200009a4    00000040     Lab8_Angel_Montelongo.obj (.data:address)
                  200009e4    00000008     Lab8_Angel_Montelongo.obj (.data)
                  200009ec    00000004     rtsv7M4_T_le_v4SPD16_eabi.lib : errno.c.obj (.data)

.bss       0    200009f0    00000105     UNINITIALIZED
                  200009f0    000000c8     (.common:time)
                  20000ab8    00000020     (.common:code)
                  20000ad8    00000004     (.common:codeindex)
                  20000adc    00000004     (.common:pH_measure)
                  20000ae0    00000004     (.common:phase)
                  20000ae4    00000004     (.common:position)
                  20000ae8    00000002     (.common:blue_measure)
                  20000aea    00000002     (.common:green_measure)
                  20000aec    00000002     (.common:pwm_b)
                  20000aee    00000002     (.common:pwm_g)
                  20000af0    00000002     (.common:pwm_r)
                  20000af2    00000002     (.common:red_measure)
                  20000af4    00000001     (.common:temp)

.stack     0    20000000    00000800     UNINITIALIZED
                  20000000    00000004     rtsv7M4_T_le_v4SPD16_eabi.lib : boot_cortex_m.c.obj (.stack)
                  20000004    000007fc     --HOLE--

__llvm_prf_cnts 
*          0    20000000    00000000     UNINITIALIZED

MODULE SUMMARY

       Module                         code    ro data   rw data
       ------                         ----    -------   -------
    ./
       Lab8_Angel_Montelongo.obj      8592    0         753    
       tm4c123gh6pm_startup_ccs.obj   12      620       0      
       uart0.obj                      344     0         0      
       rgb_led.obj                    340     0         0      
       adc0.obj                       260     0         0      
       wait.obj                       36      0         0      
       clock.obj                      16      0         0      
    +--+------------------------------+-------+---------+---------+
       Total:                         9600    620       753    
                                                               
    /Applications/ti/ccs1110/ccs/tools/compiler/ti-cgt-arm_20.2.6.LTS/lib/rtsv7M4_T_le_v4SPD16_eabi.lib
       _printfi.c.obj                 4851    0         0      
       fd_add_t2.asm.obj              438     0         0      
       fd_div_t2.asm.obj              310     0         0      
       s_scalbn.c.obj                 272     0         0      
       fd_cmp_t2.asm.obj              268     0         0      
       ctype.c.obj                    0       257       0      
       fd_mul_t2.asm.obj              252     0         0      
       memcpy_t2.asm.obj              156     0         0      
       ull_div_t2.asm.obj             150     0         0      
       memset_t2.asm.obj              122     0         0      
       copy_decompress_lzss.c.obj     104     0         0      
       s_frexp.c.obj                  100     0         0      
       sprintf.c.obj                  98      0         0      
       _ltoa.c.obj                    84      0         0      
       atoi.c.obj                     76      0         0      
       fd_toi_t2.asm.obj              72      0         0      
       autoinit.c.obj                 68      0         0      
       fs_tod_t2.asm.obj              56      0         0      
       boot_cortex_m.c.obj            52      0         0      
       i_tofd_t2.asm.obj              46      0         0      
       u_tofd_t2.asm.obj              32      0         0      
       copy_zero_init.c.obj           28      0         0      
       memccpy.c.obj                  28      0         0      
       s_copysign.c.obj               26      0         0      
       strcmp.c.obj                   24      0         0      
       strchr.c.obj                   22      0         0      
       strlen.c.obj                   20      0         0      
       wcslen.c.obj                   18      0         0      
       copy_decompress_none.c.obj     14      0         0      
       errno.c.obj                    8       0         4      
       exit.c.obj                     4       0         0      
       pre_init.c.obj                 4       0         0      
       div0.asm.obj                   2       0         0      
    +--+------------------------------+-------+---------+---------+
       Total:                         7805    257       4      
                                                               
       Stack:                         0       0         2048   
       Linker Generated:              0       246       0      
    +--+------------------------------+-------+---------+---------+
       Grand Total:                   17405   1123      2805   


LINKER GENERATED COPY TABLES

__TI_cinit_table @ 00004860 records: 2, size/record: 8, table size: 16
	.data: load addr=00004778, load size=000000d2 bytes, run addr=20000800, run size=000001f0 bytes, compression=lzss
	.bss: load addr=00004858, load size=00000008 bytes, run addr=200009f0, run size=00000105 bytes, compression=zero_init


LINKER GENERATED HANDLER TABLE

__TI_handler_table @ 0000484c records: 3, size/record: 4, table size: 12
	index: 0, handler: __TI_decompress_lzss
	index: 1, handler: __TI_decompress_none
	index: 2, handler: __TI_zero_init


GLOBAL SYMBOLS: SORTED ALPHABETICALLY BY Name 

address   name                          
-------   ----                          
0000466d  C$$EXIT                       
0000464b  ResetISR                      
20000800  __STACK_END                   
00000800  __STACK_SIZE                  
20000200  __STACK_TOP                   
00004860  __TI_CINIT_Base               
00004870  __TI_CINIT_Limit              
0000484c  __TI_Handler_Table_Base       
00004858  __TI_Handler_Table_Limit      
000043cd  __TI_auto_init_nobinit_nopinit
00004171  __TI_decompress_lzss          
0000463d  __TI_decompress_none          
00004293  __TI_ltoa                     
ffffffff  __TI_pprof_out_hndl           
000023fd  __TI_printfi                  
ffffffff  __TI_prof_data_size           
ffffffff  __TI_prof_data_start          
00000000  __TI_static_base__            
0000456f  __TI_zero_init_nomemset       
00003f7d  __aeabi_cdcmpeq               
00003f7d  __aeabi_cdcmple               
00004003  __aeabi_cdrcmple              
00004385  __aeabi_d2iz                  
00003297  __aeabi_dadd                  
0000382d  __aeabi_ddiv                  
00003c9d  __aeabi_dmul                  
0000328d  __aeabi_dsub                  
00004661  __aeabi_errno_addr            
0000448f  __aeabi_f2d                   
000044fd  __aeabi_i2d                   
00002e4b  __aeabi_idiv0                 
00002e4b  __aeabi_ldiv0                 
00004089  __aeabi_memclr                
00004089  __aeabi_memclr4               
00004089  __aeabi_memclr8               
00003e4b  __aeabi_memcpy                
00003e4b  __aeabi_memcpy4               
00003e4b  __aeabi_memcpy8               
0000408b  __aeabi_memset                
0000408b  __aeabi_memset4               
0000408b  __aeabi_memset8               
0000454f  __aeabi_ui2d                  
00003ee7  __aeabi_uldivmod              
ffffffff  __binit__                     
ffffffff  __c_args__                    
UNDEFED   __mpu_init                    
20000000  __stack                       
20000000  __start___llvm_prf_cnts       
20000000  __stop___llvm_prf_cnts        
000044c9  _c_int00_noargs               
00004670  _ctypes_                      
UNDEFED   _system_post_cinit            
00004669  _system_pre_init              
0000466d  abort                         
200009a4  address                       
0000026d  applyPhase                    
00004339  atoi                          
ffffffff  binit                         
20000ae8  blue_measure                  
20000800  buttons                       
00000703  calibrate                     
20000ab8  code                          
20000ad8  codeindex                     
000045a7  copysign                      
000045a7  copysignl                     
200009e4  count                         
000019e5  enableTimerMode               
200009ec  errno                         
000041d9  frexp                         
000041d9  frexpl                        
00000000  g_pfnVectors                  
0000066d  getFieldInteger               
0000063d  getFieldString                
00003539  getcUart0                     
00000427  getsUart0                     
0000037f  goTo                          
20000aea  green_measure                 
0000034d  home                          
00003b99  initAdc0Ss3                   
00001d3d  initHw                        
0000359d  initRgb                       
0000462d  initSystemClockTo40Mhz        
00003445  initUart0                     
000006cd  isCommand                     
0000354d  kbhitUart0                    
00003a89  ldexp                         
00003a89  ldexpl                        
00001e49  main                          
00000887  measure                       
000009dd  measurePH                     
0000458b  memccpy                       
00003e4b  memcpy                        
00004091  memset                        
20000adc  pH_measure                    
000004b9  parseFields                   
20000ae0  phase                         
20000ae4  position                      
000034f9  putcUart0                     
00003515  putsUart0                     
20000aec  pwm_b                         
20000aee  pwm_g                         
20000af0  pwm_r                         
200009ea  raw_b                         
200009e8  raw_g                         
200009e6  raw_r                         
00003c4b  readAdc0Ss3                   
20000af2  red_measure                   
20000940  ref                           
00003a89  scalbn                        
00003a89  scalbnl                       
00003bdf  setAdc0Ss3Log2AverageCount    
00003c23  setAdc0Ss3Mux                 
0000033d  setPosition                   
0000366f  setRgbColor                   
000034b9  setUart0BaudRate              
00004411  sprintf                       
0000031b  stepCcw                       
000002f9  stepCw                        
000045f1  strchr                        
000045d9  strcmp                        
00004607  strlen                        
20000af4  temp                          
200009f0  time                          
00001a31  validateCode                  
200009e5  validcode                     
0000452b  waitMicrosecond               
0000461b  wcslen                        
00001afd  wideTimer2Isr                 


GLOBAL SYMBOLS: SORTED BY Symbol Address 

address   name                          
-------   ----                          
00000000  __TI_static_base__            
00000000  g_pfnVectors                  
0000026d  applyPhase                    
000002f9  stepCw                        
0000031b  stepCcw                       
0000033d  setPosition                   
0000034d  home                          
0000037f  goTo                          
00000427  getsUart0                     
000004b9  parseFields                   
0000063d  getFieldString                
0000066d  getFieldInteger               
000006cd  isCommand                     
00000703  calibrate                     
00000800  __STACK_SIZE                  
00000887  measure                       
000009dd  measurePH                     
000019e5  enableTimerMode               
00001a31  validateCode                  
00001afd  wideTimer2Isr                 
00001d3d  initHw                        
00001e49  main                          
000023fd  __TI_printfi                  
00002e4b  __aeabi_idiv0                 
00002e4b  __aeabi_ldiv0                 
0000328d  __aeabi_dsub                  
00003297  __aeabi_dadd                  
00003445  initUart0                     
000034b9  setUart0BaudRate              
000034f9  putcUart0                     
00003515  putsUart0                     
00003539  getcUart0                     
0000354d  kbhitUart0                    
0000359d  initRgb                       
0000366f  setRgbColor                   
0000382d  __aeabi_ddiv                  
00003a89  ldexp                         
00003a89  ldexpl                        
00003a89  scalbn                        
00003a89  scalbnl                       
00003b99  initAdc0Ss3                   
00003bdf  setAdc0Ss3Log2AverageCount    
00003c23  setAdc0Ss3Mux                 
00003c4b  readAdc0Ss3                   
00003c9d  __aeabi_dmul                  
00003e4b  __aeabi_memcpy                
00003e4b  __aeabi_memcpy4               
00003e4b  __aeabi_memcpy8               
00003e4b  memcpy                        
00003ee7  __aeabi_uldivmod              
00003f7d  __aeabi_cdcmpeq               
00003f7d  __aeabi_cdcmple               
00004003  __aeabi_cdrcmple              
00004089  __aeabi_memclr                
00004089  __aeabi_memclr4               
00004089  __aeabi_memclr8               
0000408b  __aeabi_memset                
0000408b  __aeabi_memset4               
0000408b  __aeabi_memset8               
00004091  memset                        
00004171  __TI_decompress_lzss          
000041d9  frexp                         
000041d9  frexpl                        
00004293  __TI_ltoa                     
00004339  atoi                          
00004385  __aeabi_d2iz                  
000043cd  __TI_auto_init_nobinit_nopinit
00004411  sprintf                       
0000448f  __aeabi_f2d                   
000044c9  _c_int00_noargs               
000044fd  __aeabi_i2d                   
0000452b  waitMicrosecond               
0000454f  __aeabi_ui2d                  
0000456f  __TI_zero_init_nomemset       
0000458b  memccpy                       
000045a7  copysign                      
000045a7  copysignl                     
000045d9  strcmp                        
000045f1  strchr                        
00004607  strlen                        
0000461b  wcslen                        
0000462d  initSystemClockTo40Mhz        
0000463d  __TI_decompress_none          
0000464b  ResetISR                      
00004661  __aeabi_errno_addr            
00004669  _system_pre_init              
0000466d  C$$EXIT                       
0000466d  abort                         
00004670  _ctypes_                      
0000484c  __TI_Handler_Table_Base       
00004858  __TI_Handler_Table_Limit      
00004860  __TI_CINIT_Base               
00004870  __TI_CINIT_Limit              
20000000  __stack                       
20000000  __start___llvm_prf_cnts       
20000000  __stop___llvm_prf_cnts        
20000200  __STACK_TOP                   
20000800  __STACK_END                   
20000800  buttons                       
20000940  ref                           
200009a4  address                       
200009e4  count                         
200009e5  validcode                     
200009e6  raw_r                         
200009e8  raw_g                         
200009ea  raw_b                         
200009ec  errno                         
200009f0  time                          
20000ab8  code                          
20000ad8  codeindex                     
20000adc  pH_measure                    
20000ae0  phase                         
20000ae4  position                      
20000ae8  blue_measure                  
20000aea  green_measure                 
20000aec  pwm_b                         
20000aee  pwm_g                         
20000af0  pwm_r                         
20000af2  red_measure                   
20000af4  temp                          
ffffffff  __TI_pprof_out_hndl           
ffffffff  __TI_prof_data_size           
ffffffff  __TI_prof_data_start          
ffffffff  __binit__                     
ffffffff  __c_args__                    
ffffffff  binit                         
UNDEFED   __mpu_init                    
UNDEFED   _system_post_cinit            

[128 symbols]
